
C:\Users\LENOVO>cd..

C:\Users>CD..

C:\>
C:\>
C:\>
C:\>dir
 Volume in drive C is Windows-SSD
 Volume Serial Number is 9EEB-202E

 Directory of C:\

11/11/2021  00:57    <DIR>          BC5
11/11/2021  00:57    <DIR>          BDE32
17/05/2022  10:31    <DIR>          com.whatsapp
24/03/2022  12:36    <DIR>          CorelDraw 2019 Portable
31/05/2022  17:27    <DIR>          Drivers
05/06/2021  19:10    <DIR>          PerfLogs
18/08/2022  09:13    <DIR>          Program Files
01/06/2022  00:17    <DIR>          Program Files (x86)
31/05/2022  09:19    <DIR>          Users
16/08/2022  10:05    <DIR>          Windows
               0 File(s)              0 bytes
              10 Dir(s)  78.065.999.872 bytes free

C:\>active
'active' is not recognized as an internal or external command,
operable program or batch file.

C:\>
C:\> ping

Usage: ping [-t] [-a] [-n count] [-l size] [-f] [-i TTL] [-v TOS]
            [-r count] [-s count] [[-j host-list] | [-k host-list]]
            [-w timeout] [-R] [-S srcaddr] [-c compartment] [-p]
            [-4] [-6] target_name

Options:
    -t             Ping the specified host until stopped.
                   To see statistics and continue - type Control-Break;
                   To stop - type Control-C.
    -a             Resolve addresses to hostnames.
    -n count       Number of echo requests to send.
    -l size        Send buffer size.
    -f             Set Don't Fragment flag in packet (IPv4-only).
    -i TTL         Time To Live.
    -v TOS         Type Of Service (IPv4-only. This setting has been deprecated
                   and has no effect on the type of service field in the IP
                   Header).
    -r count       Record route for count hops (IPv4-only).
    -s count       Timestamp for count hops (IPv4-only).
    -j host-list   Loose source route along host-list (IPv4-only).
    -k host-list   Strict source route along host-list (IPv4-only).
    -w timeout     Timeout in milliseconds to wait for each reply.
    -R             Use routing header to test reverse route also (IPv6-only).
                   Per RFC 5095 the use of this routing header has been
                   deprecated. Some systems may drop echo requests if
                   this header is used.
    -S srcaddr     Source address to use.
    -c compartment Routing compartment identifier.
    -p             Ping a Hyper-V Network Virtualization provider address.
    -4             Force using IPv4.
    -6             Force using IPv6.


C:\>time
The current time is: 10:24:59,23
Enter the new time: 78
The system cannot accept the time entered.
Enter the new time:

C:\>hostname
LAPTOP-OO8636SV

C:\>getmac

Physical Address    Transport Name
=================== ==========================================================
00-45-E2-6C-CD-1C   \Device\Tcpip_{2736D102-1322-48FD-9C5D-A310CAC65F7F}

C:\>taskmgr

C:\>chdir
C:\

C:\>chdir/

C:\>chdir /

C:\>systeminfo

Host Name:                 LAPTOP-OO8636SV
OS Name:                   Microsoft Windows 11 Home Single Language
OS Version:                10.0.22000 N/A Build 22000
OS Manufacturer:           Microsoft Corporation
OS Configuration:          Standalone Workstation
OS Build Type:             Multiprocessor Free
Registered Owner:          LENOVO
Registered Organization:   N/A
Product ID:                00327-35929-37891-AAOEM
Original Install Date:     31/05/2022, 09:22:21
System Boot Time:          07/08/2022, 22:53:45
System Manufacturer:       LENOVO
System Model:              82H7
System Type:               x64-based PC
Processor(s):              1 Processor(s) Installed.
                           [01]: Intel64 Family 6 Model 140 Stepping 1 GenuineIntel ~2803 Mhz
BIOS Version:              LENOVO GGCN34WW, 08/03/2022
Windows Directory:         C:\WINDOWS
System Directory:          C:\WINDOWS\system32
Boot Device:               \Device\HarddiskVolume1
System Locale:             en-us;English (United States)
Input Locale:              en-us;English (United States)
Time Zone:                 (UTC+07:00) Bangkok, Hanoi, Jakarta
Total Physical Memory:     7.991 MB
Available Physical Memory: 1.329 MB
Virtual Memory: Max Size:  12.018 MB
Virtual Memory: Available: 1.828 MB
Virtual Memory: In Use:    10.190 MB
Page File Location(s):     C:\pagefile.sys
Domain:                    WORKGROUP
Logon Server:              \\LAPTOP-OO8636SV
Hotfix(s):                 6 Hotfix(s) Installed.
                           [01]: KB5015732
                           [02]: KB5007575
                           [03]: KB5012170
                           [04]: KB5016629
                           [05]: KB5016353
                           [06]: KB5015898
Network Card(s):           1 NIC(s) Installed.
                           [01]: Realtek 8822CE Wireless LAN 802.11ac PCI-E NIC
                                 Connection Name: Wi-Fi
                                 DHCP Enabled:    Yes
                                 DHCP Server:     172.16.4.254
                                 IP address(es)
                                 [01]: 172.16.4.195
                                 [02]: fe80::c8d6:957e:4a12:d89a
Hyper-V Requirements:      VM Monitor Mode Extensions: Yes
                           Virtualization Enabled In Firmware: Yes
                           Second Level Address Translation: Yes
                           Data Execution Prevention Available: Yes

C:\>help
For more information on a specific command, type HELP command-name
ASSOC          Displays or modifies file extension associations.
ATTRIB         Displays or changes file attributes.
BREAK          Sets or clears extended CTRL+C checking.
BCDEDIT        Sets properties in boot database to control boot loading.
CACLS          Displays or modifies access control lists (ACLs) of files.
CALL           Calls one batch program from another.
CD             Displays the name of or changes the current directory.
CHCP           Displays or sets the active code page number.
CHDIR          Displays the name of or changes the current directory.
CHKDSK         Checks a disk and displays a status report.
CHKNTFS        Displays or modifies the checking of disk at boot time.
CLS            Clears the screen.
CMD            Starts a new instance of the Windows command interpreter.
COLOR          Sets the default console foreground and background colors.
COMP           Compares the contents of two files or sets of files.
COMPACT        Displays or alters the compression of files on NTFS partitions.
CONVERT        Converts FAT volumes to NTFS.  You cannot convert the
               current drive.
COPY           Copies one or more files to another location.
DATE           Displays or sets the date.
DEL            Deletes one or more files.
DIR            Displays a list of files and subdirectories in a directory.
DISKPART       Displays or configures Disk Partition properties.
DOSKEY         Edits command lines, recalls Windows commands, and
               creates macros.
DRIVERQUERY    Displays current device driver status and properties.
ECHO           Displays messages, or turns command echoing on or off.
ENDLOCAL       Ends localization of environment changes in a batch file.
ERASE          Deletes one or more files.
EXIT           Quits the CMD.EXE program (command interpreter).
FC             Compares two files or sets of files, and displays the
               differences between them.
FIND           Searches for a text string in a file or files.
FINDSTR        Searches for strings in files.
FOR            Runs a specified command for each file in a set of files.
FORMAT         Formats a disk for use with Windows.
FSUTIL         Displays or configures the file system properties.
FTYPE          Displays or modifies file types used in file extension
               associations.
GOTO           Directs the Windows command interpreter to a labeled line in
               a batch program.
GPRESULT       Displays Group Policy information for machine or user.
GRAFTABL       Enables Windows to display an extended character set in
               graphics mode.
HELP           Provides Help information for Windows commands.
ICACLS         Display, modify, backup, or restore ACLs for files and
               directories.
IF             Performs conditional processing in batch programs.
LABEL          Creates, changes, or deletes the volume label of a disk.
MD             Creates a directory.
MKDIR          Creates a directory.
MKLINK         Creates Symbolic Links and Hard Links
MODE           Configures a system device.
MORE           Displays output one screen at a time.
MOVE           Moves one or more files from one directory to another
               directory.
OPENFILES      Displays files opened by remote users for a file share.
PATH           Displays or sets a search path for executable files.
PAUSE          Suspends processing of a batch file and displays a message.
POPD           Restores the previous value of the current directory saved by
               PUSHD.
PRINT          Prints a text file.
PROMPT         Changes the Windows command prompt.
PUSHD          Saves the current directory then changes it.
RD             Removes a directory.
RECOVER        Recovers readable information from a bad or defective disk.
REM            Records comments (remarks) in batch files or CONFIG.SYS.
REN            Renames a file or files.
RENAME         Renames a file or files.
REPLACE        Replaces files.
RMDIR          Removes a directory.
ROBOCOPY       Advanced utility to copy files and directory trees
SET            Displays, sets, or removes Windows environment variables.
SETLOCAL       Begins localization of environment changes in a batch file.
SC             Displays or configures services (background processes).
SCHTASKS       Schedules commands and programs to run on a computer.
SHIFT          Shifts the position of replaceable parameters in batch files.
SHUTDOWN       Allows proper local or remote shutdown of machine.
SORT           Sorts input.
START          Starts a separate window to run a specified program or command.
SUBST          Associates a path with a drive letter.
SYSTEMINFO     Displays machine specific properties and configuration.
TASKLIST       Displays all currently running tasks including services.
TASKKILL       Kill or stop a running process or application.
TIME           Displays or sets the system time.
TITLE          Sets the window title for a CMD.EXE session.
TREE           Graphically displays the directory structure of a drive or
               path.
TYPE           Displays the contents of a text file.
VER            Displays the Windows version.
VERIFY         Tells Windows whether to verify that your files are written
               correctly to a disk.
VOL            Displays a disk volume label and serial number.
XCOPY          Copies files and directory trees.
WMIC           Displays WMI information inside interactive command shell.

For more information on tools see the command-line reference in the online help.

C:\>driverquery

Module Name  Display Name           Driver Type   Link Date
============ ====================== ============= ======================
1394ohci     1394 OHCI Compliant Ho Kernel
3ware        3ware                  Kernel        19/05/2015 05:28:03
ACPI         Microsoft ACPI Driver  Kernel
AcpiDev      ACPI Devices driver    Kernel
acpiex       Microsoft ACPIEx Drive Kernel
acpipagr     ACPI Processor Aggrega Kernel
AcpiPmi      ACPI Power Meter Drive Kernel
acpitime     ACPI Wake Alarm Driver Kernel
ACPIVPC      Lenovo Virtual Power C Kernel        22/07/2021 20:57:14
Acx01000     Acx01000               Kernel
AcxHdAudio   ACX HD Audio Driver    Kernel
ADP80XX      ADP80XX                Kernel        10/04/2015 03:49:48
AFD          Ancillary Function Dri Kernel
afunix       afunix                 Kernel
ahcache      Application Compatibil Kernel
amdgpio2     AMD GPIO Client Driver Kernel        07/02/2019 16:32:20
amdi2c       AMD I2C Controller Ser Kernel        20/03/2019 11:57:33
AmdK8        AMD K8 Processor Drive Kernel
AmdPPM       AMD Processor Driver   Kernel
amdsata      amdsata                Kernel        14/05/2015 19:14:52
amdsbs       amdsbs                 Kernel        12/12/2012 04:21:44
amdxata      amdxata                Kernel        01/05/2015 07:55:35
AppID        AppID Driver           Kernel
AppleSSD     Apple Solid State Driv Kernel        12/11/2019 04:24:17
applockerflt Smartlocker Filter Dri Kernel
arcsas       Adaptec SAS/SATA-II RA Kernel        10/04/2015 02:12:07
AsyncMac     RAS Asynchronous Media Kernel
atapi        IDE Channel            Kernel
b06bdrv      QLogic Network Adapter Kernel        25/05/2016 14:03:08
bam          Background Activity Mo Kernel
BasicDisplay BasicDisplay           Kernel
BasicRender  BasicRender            Kernel
bcmfn2       bcmfn2 Service         Kernel        01/11/2016 09:09:15
Beep         Beep                   Kernel
bindflt      Windows Bind Filter Dr File System
bowser       Browser                File System
BthA2dp      Microsoft Bluetooth A2 Kernel
BthEnum      Bluetooth Enumerator S Kernel
BthHFAud     Microsoft Bluetooth Ha Kernel
BthHFEnum    Microsoft Bluetooth Ha Kernel
BthLEEnum    Bluetooth Low Energy D Kernel
BthMini      Bluetooth Radio Driver Kernel
BTHMODEM     Bluetooth Modem Commun Kernel
BthPan       Bluetooth Device (Pers Kernel
BTHPORT      Bluetooth Port Driver  Kernel
BTHUSB       Bluetooth Radio USB Dr Kernel
bttflt       Microsoft Hyper-V VHDP Kernel
buttonconver Service for Portable D Kernel
CAD          Charge Arbitration Dri Kernel
cdfs         CD/DVD File System Rea File System
cdrom        CD-ROM Driver          Kernel
cht4iscsi    cht4iscsi              Kernel        05/02/2019 20:51:31
cht4vbd      Chelsio Virtual Bus Dr Kernel        05/02/2019 20:47:51
CimFS        CimFS                  File System
circlass     Consumer IR Devices    Kernel
CldFlt       Windows Cloud Files Fi File System
CLFS         Common Log (CLFS)      Kernel
CmBatt       Microsoft ACPI Control Kernel
CNG          CNG                    Kernel
cnghwassist  CNG Hardware Assist al Kernel
CompositeBus Composite Bus Enumerat Kernel
condrv       Console Driver         Kernel
dam          Desktop Activity Moder Kernel
Dfsc         DFS Namespace Client D File System
disk         Disk Driver            Kernel
dmvsc        dmvsc                  Kernel
dptf_acpi    dptf_acpi              Kernel        24/07/2021 06:15:14
dptf_cpu     dptf_cpu               Kernel        24/07/2021 06:15:18
drmkaud      Microsoft Trusted Audi Kernel
DXGKrnl      LDDM Graphics Subsyste Kernel
ebdrv        QLogic 10 Gigabit Ethe Kernel        15/11/2020 17:12:10
ebdrv0       QLogic Legacy Ethernet Kernel        07/11/2020 17:07:41
EhStorClass  Enhanced Storage Filte Kernel
EhStorTcgDrv Microsoft driver for s Kernel
ErrDev       Microsoft Hardware Err Kernel
esif_lf      esif_lf                Kernel        24/07/2021 06:15:42
ExecutionCon CPU Scheduler for High Kernel
exfat        exFAT File System Driv File System
fastfat      FAT12/16/32 File Syste File System
fdc          Floppy Disk Controller Kernel
FileCrypt    FileCrypt              File System
FileInfo     File Information FS Mi File System
Filetrace    Filetrace              File System
flpydisk     Floppy Disk Driver     Kernel
FltMgr       FltMgr                 File System
FsDepends    File System Dependency File System
fvevol       BitLocker Drive Encryp Kernel
gencounter   Microsoft Hyper-V Gene Kernel
genericusbfn Generic USB Function C Kernel
GPIOClx0101  Microsoft GPIO Class E Kernel
GpuEnergyDrv GPU Energy Driver      Kernel
HdAudAddServ Microsoft 1.1 UAA Func Kernel
HDAudBus     Microsoft UAA Bus Driv Kernel
HidBatt      HID UPS Battery Driver Kernel
HidBth       Microsoft Bluetooth HI Kernel
hidi2c       Microsoft I2C HID Mini Kernel
hidinterrupt Common Driver for HID  Kernel
HidIr        Microsoft Infrared HID Kernel
hidspi       Microsoft SPI HID Mini Kernel
HidSpiCx     HidSpi KMDF Class Exte Kernel
HidUsb       Microsoft HID Class Dr Kernel
HpSAMD       HpSAMD                 Kernel        27/03/2013 04:36:54
Hsp          Microsoft Pluton Servi Kernel
HTTP         HTTP Service           Kernel
hvcrash      hvcrash                Kernel
hvservice    Microsoft Hypervisor S Kernel
HwNClx0101   Microsoft Hardware Not Kernel
hwpolicy     Hardware Policy Driver Kernel
hyperkbd     hyperkbd               Kernel
HyperVideo   HyperVideo             Kernel
i8042prt     i8042 Keyboard and PS/ Kernel
iagpio       Intel Serial IO GPIO C Kernel        23/07/2018 16:04:46
iai2c        Intel(R) Serial IO I2C Kernel        23/07/2018 16:04:39
iaLPSS2i_GPI Intel(R) Serial IO GPI Kernel        19/04/2018 14:53:24
iaLPSS2i_GPI Intel(R) Serial IO GPI Kernel        17/04/2018 16:25:15
iaLPSS2i_GPI Intel(R) Serial IO GPI Kernel        17/04/2018 14:07:03
iaLPSS2i_GPI Intel(R) Serial IO GPI Kernel        16/05/2018 12:46:36
iaLPSS2i_I2C Intel(R) Serial IO I2C Kernel        19/04/2018 14:52:58
iaLPSS2i_I2C Intel(R) Serial IO I2C Kernel        17/04/2018 16:24:40
iaLPSS2i_I2C Intel(R) Serial IO I2C Kernel        15/07/2019 12:12:12
iaLPSS2i_I2C Intel(R) Serial IO I2C Kernel        16/05/2018 12:46:02
iaLPSS2_GPIO Intel(R) Serial IO GPI Kernel        13/07/2021 15:02:32
iaLPSS2_I2C_ Intel(R) Serial IO I2C Kernel        13/07/2021 15:02:01
iaLPSS2_SPI_ Intel(R) Serial IO SPI Kernel        13/07/2021 15:02:47
iaLPSS2_UART Intel(R) Serial IO UAR Kernel        13/07/2021 15:02:22
iaLPSSi_GPIO Intel(R) Serial IO GPI Kernel        02/02/2015 16:00:09
iaLPSSi_I2C  Intel(R) Serial IO I2C Kernel        24/02/2015 22:52:07
iaStorAfs    iaStorAfs              File System   23/07/2021 20:01:47
iaStorAVC    Intel Chipset SATA RAI Kernel        05/09/2019 19:07:32
iaStorV      Intel RAID Controller  Kernel        12/04/2011 01:48:16
iaStorVD     Intel(R) Chipset VMD R Kernel        23/07/2021 20:02:28
ibbus        Mellanox InfiniBand Bu Kernel        19/06/2019 20:20:09
igfxn        igfxn                  Kernel        21/08/2021 01:33:40
IndirectKmd  Indirect Displays Kern Kernel
IntcAudioBus Intel(R) Smart Sound T Kernel        25/08/2021 17:31:49
IntcAzAudAdd Service for Realtek HD Kernel        31/08/2021 17:24:16
IntcDMic     Intel® Smart Sound Tec Kernel        25/08/2021 17:31:58
IntcOED      Intel(R) Smart Sound T Kernel        25/08/2021 17:33:35
intelide     intelide               Kernel
intelpep     Intel(R) Power Engine  Kernel
intelpmax    Intel(R) Dynamic Devic Kernel
IntelPMT     Intel(R) Platform Moni Kernel
intelppm     Intel Processor Driver Kernel
iorate       Disk I/O Rate Filter D Kernel
IpFilterDriv IP Traffic Filter Driv Kernel
IPMIDRV      IPMIDRV                Kernel
IPNAT        IP Network Address Tra Kernel
IPT          IPT                    Kernel
isapnp       isapnp                 Kernel
iScsiPrt     iScsiPort Driver       Kernel
ItSas35i     ItSas35i               Kernel        18/09/2020 17:23:25
kbdclass     Keyboard Class Driver  Kernel
kbdhid       Keyboard HID Driver    Kernel
kdnic        Microsoft Kernel Debug Kernel
KSecDD       KSecDD                 Kernel
KSecPkg      KSecPkg                Kernel
ksthunk      Kernel Streaming Thunk Kernel
lltdio       Link-Layer Topology Di Kernel
LSI_SAS      LSI_SAS                Kernel        26/03/2015 02:36:48
LSI_SAS2i    LSI_SAS2i              Kernel        02/08/2017 20:29:59
LSI_SAS3i    LSI_SAS3i              Kernel        21/08/2020 14:33:28
luafv        UAC File Virtualizatio File System
mausbhost    MA-USB Host Controller Kernel
mausbip      MA-USB IP Filter Drive Kernel
MbbCx        MBB Network Adapter Cl Kernel
megasas2i    megasas2i              Kernel        22/01/2020 16:57:48
megasas35i   megasas35i             Kernel        12/01/2021 14:59:10
megasr       megasr                 Kernel        04/06/2013 05:02:39
MEIx64       Intel(R) Management En Kernel        11/05/2021 14:43:05
Microsoft_Bl Microsoft Bluetooth Av Kernel
mlx4_bus     Mellanox ConnectX Bus  Kernel        19/06/2019 20:21:08
MMCSS        Multimedia Class Sched Kernel
Modem        Modem                  Kernel
monitor      Microsoft Monitor Clas Kernel
mouclass     Mouse Class Driver     Kernel
mouhid       Mouse HID Driver       Kernel
mountmgr     Mount Point Manager    Kernel
mpi3drvi     mpi3drvi               Kernel        03/03/2021 04:23:11
mpsdrv       Windows Defender Firew Kernel
MRxDAV       WebDav Client Redirect File System
mrxsmb       SMB MiniRedirector Wra File System
mrxsmb10     SMB 1.x MiniRedirector File System
mrxsmb20     SMB 2.0 MiniRedirector File System
MsBridge     Microsoft MAC Bridge   Kernel
Msfs         Msfs                   File System
msgpiowin32  Common Driver for Butt Kernel
mshidkmdf    Pass-through HID to KM Kernel
mshidumdf    Pass-through HID to UM Kernel
msisadrv     msisadrv               Kernel
MSKSSRV      Microsoft Streaming Se Kernel
MSPCLOCK     Microsoft Streaming Cl Kernel
MSPQM        Microsoft Streaming Qu Kernel
MsQuic       MsQuic                 Kernel        02/02/2022 06:56:20
MsRPC        MsRPC                  Kernel
mssmbios     Microsoft System Manag Kernel
MSTEE        Microsoft Streaming Te Kernel
MTConfig     Microsoft Input Config Kernel
Mup          Mup                    File System
mvumis       mvumis                 Kernel        24/05/2014 03:39:04
NativeWifiP  NativeWiFi Filter      Kernel
ndfltr       NetworkDirect Service  Kernel        19/06/2019 20:18:42
NDIS         NDIS System Driver     Kernel
NdisCap      Microsoft NDIS Capture Kernel
NdisImPlatfo Microsoft Network Adap Kernel
NdisTapi     Remote Access NDIS TAP Kernel
Ndisuio      NDIS Usermode I/O Prot Kernel
NdisVirtualB Microsoft Virtual Netw Kernel
NdisWan      Remote Access NDIS WAN Kernel
ndiswanlegac Remote Access LEGACY N Kernel
NDKPerf      NDKPerf Driver         Kernel
NDKPing      NDKPing Driver         Kernel
ndproxy      NDIS Proxy Driver      Kernel
Ndu          Windows Network Data U Kernel
NetAdapterCx Network Adapter Wdf Cl Kernel
NetBIOS      NetBIOS Interface      File System
NetBT        NetBT                  Kernel
netvsc       netvsc                 Kernel
Npfs         Npfs                   File System
npsvctrig    Named pipe service tri Kernel
nsiproxy     NSI Proxy Service Driv Kernel
Ntfs         Ntfs                   File System
Null         Null                   Kernel
nvdimm       Microsoft NVDIMM devic Kernel
nvlddmkm     nvlddmkm               Kernel        20/10/2020 11:14:11
nvmedisk     Microsoft NVMe disk dr Kernel
NvModuleTrac NvModuleTracker        Kernel        30/11/2019 05:09:01
nvraid       nvraid                 Kernel        22/04/2014 01:28:42
nvstor       nvstor                 Kernel        22/04/2014 01:34:03
nvvad_WaveEx NVIDIA Virtual Audio D Kernel        14/03/2019 15:58:48
nvvhci       NVVHCI Enumerator Serv Kernel        11/01/2020 01:31:07
P9Rdr        Plan 9 Redirector Driv Kernel
Parport      Parallel port driver   Kernel
partmgr      Partition driver       Kernel
pci          PCI Bus Driver         Kernel
pciide       pciide                 Kernel
pcmcia       pcmcia                 Kernel
pcw          Performance Counters f Kernel
pdc          pdc                    Kernel
PEAUTH       PEAUTH                 Kernel
percsas2i    percsas2i              Kernel        15/03/2016 07:50:11
percsas3i    percsas3i              Kernel        02/06/2018 04:47:02
PktMon       Packet Monitor Driver  Kernel
pmem         Microsoft persistent m Kernel
PNPMEM       Microsoft Memory Modul Kernel
portcfg      portcfg                Kernel
PptpMiniport WAN Miniport (PPTP)    Kernel
PRM          Microsoft PRM Driver   Kernel
Processor    Processor Driver       Kernel
Psched       QoS Packet Scheduler   Kernel
QWAVEdrv     QWAVE driver           Kernel
Ramdisk      Windows RAM Disk Drive Kernel
RasAcd       Remote Access Auto Con Kernel
RasAgileVpn  WAN Miniport (IKEv2)   Kernel
Rasl2tp      WAN Miniport (L2TP)    Kernel
RasPppoe     Remote Access PPPOE Dr Kernel
RasSstp      WAN Miniport (SSTP)    Kernel
rdbss        Redirected Buffering S File System
rdpbus       Remote Desktop Device  Kernel
RDPDR        Remote Desktop Device  Kernel
RdpVideoMini Remote Desktop Video M Kernel
rdyboost     ReadyBoost             Kernel
ReFS         ReFS                   File System
ReFSv1       ReFSv1                 File System
RFCOMM       Bluetooth Device (RFCO Kernel
rhproxy      Resource Hub proxy dri Kernel
rspndr       Link-Layer Topology Di Kernel
RtkBtFilter  Realtek Bluetooth Filt Kernel        13/01/2022 13:23:42
RTSUER       Realtek USB Card Reade Kernel        20/08/2021 14:28:14
RTWlanE      Realtek Wireless LAN 8 Kernel        20/08/2021 11:14:30
s3cap        s3cap                  Kernel
sbp2port     SBP-2 Transport/Protoc Kernel
scfilter     Smart card PnP Class F Kernel
scmbus       Microsoft Storage Clas Kernel
sdbus        sdbus                  Kernel
SDFRd        SDF Reflector          Kernel
sdstor       SD Storage Port Driver Kernel
SerCx        Serial UART Support Li Kernel
SerCx2       Serial UART Support Li Kernel
Serenum      Serenum Filter Driver  Kernel
Serial       Serial port driver     Kernel
sermouse     Serial Mouse Driver    Kernel
sfloppy      High-Capacity Floppy D Kernel
SgrmAgent    System Guard Runtime M Kernel
SiSRaid2     SiSRaid2               Kernel        25/09/2008 01:28:20
SiSRaid4     SiSRaid4               Kernel        02/10/2008 04:56:04
SmartSAMD    SmartSAMD              Kernel        22/02/2019 00:54:44
spaceparser  spaceparser            Kernel
spaceport    Storage Spaces Driver  Kernel
SpatialGraph Holographic Spatial Gr Kernel
SpbCx        Simple Peripheral Bus  Kernel
srv2         Server SMB 2.xxx Drive File System
srvnet       srvnet                 File System
stexstor     stexstor               Kernel        27/11/2012 07:02:51
storahci     Microsoft Standard SAT Kernel
storflt      Microsoft Hyper-V Stor Kernel
stornvme     Microsoft Standard NVM Kernel
storqosflt   Storage QoS Filter Dri File System
storufs      Microsoft Universal Fl Kernel
storvsc      storvsc                Kernel
swenum       Software Bus Driver    Kernel
Tcpip        TCP/IP Protocol Driver Kernel
Tcpip6       @todo.dll,-100;Microso Kernel
tcpipreg     @%SystemRoot%\System32 Kernel
tdx          NetIO Legacy TDI Suppo Kernel
terminpt     Microsoft Remote Deskt Kernel
TPM          TPM                    Kernel
TsUsbFlt     Remote Desktop USB Hub Kernel
TsUsbGD      Remote Desktop Generic Kernel
tunnel       Microsoft Tunnel Minip Kernel
UASPStor     USB Attached SCSI (UAS Kernel
UcmCx0101    USB Connector Manager  Kernel
UcmTcpciCx01 UCM-TCPCI KMDF Class E Kernel
UcmUcsiAcpiC UCM-UCSI ACPI Client   Kernel
UcmUcsiCx010 UCM-UCSI KMDF Class Ex Kernel
Ucx01000     USB Host Support Libra Kernel
UdeCx        USB Device Emulation S Kernel
udfs         udfs                   File System
UEFI         Microsoft UEFI Driver  Kernel
Ufx01000     USB Function Class Ext Kernel
UfxChipidea  USB Chipidea Controlle Kernel
ufxsynopsys  USB Synopsys Controlle Kernel
umbus        UMBus Enumerator Drive Kernel
UmPass       Microsoft UMPass Drive Kernel
UrsChipidea  Chipidea USB Role-Swit Kernel
UrsCx01000   USB Role-Switch Suppor Kernel
UrsSynopsys  Synopsys USB Role-Swit Kernel
Usb4DeviceRo USB4 Device Router Ser Kernel
Usb4HostRout USB4 Host Router Servi Kernel
usbaudio     USB Audio Driver (WDM) Kernel
usbaudio2    USB Audio 2.0 Service  Kernel
usbccgp      Microsoft USB Generic  Kernel
usbcir       eHome Infrared Receive Kernel
usbehci      Microsoft USB 2.0 Enha Kernel
usbhub       Microsoft USB Standard Kernel
USBHUB3      SuperSpeed Hub         Kernel
usbohci      Microsoft USB Open Hos Kernel
usbprint     Microsoft USB PRINTER  Kernel
usbser       Microsoft USB Serial D Kernel
USBSTOR      USB Mass Storage Drive Kernel
usbuhci      Microsoft USB Universa Kernel
usbvideo     USB Video Device (WDM) Kernel
USBXHCI      USB xHCI Compliant Hos Kernel
vdrvroot     Microsoft Virtual Driv Kernel
VerifierExt  Driver Verifier Extens Kernel
vhdmp        vhdmp                  Kernel
vhf          Virtual HID Framework  Kernel
Vid          Vid                    Kernel
VirtualRende VirtualRender          Kernel
vmbus        Virtual Machine Bus    Kernel
VMBusHID     VMBusHID               Kernel
vmgid        Microsoft Hyper-V Gues Kernel
volmgr       Volume Manager Driver  Kernel
volmgrx      Dynamic Volume Manager Kernel
volsnap      Volume Shadow Copy dri Kernel
volume       Volume driver          Kernel
vpci         Microsoft Hyper-V Virt Kernel
vsmraid      vsmraid                Kernel        23/04/2014 02:21:41
VSTXRAID     VIA StorX Storage RAID Kernel        22/01/2013 02:00:28
vwifibus     Virtual Wireless Bus D Kernel
vwififlt     Virtual WiFi Filter Dr Kernel
vwifimp      Virtual WiFi Miniport  Kernel
WacomPen     Wacom Serial Pen HID D Kernel
wanarp       Remote Access IP ARP D Kernel
wanarpv6     Remote Access IPv6 ARP Kernel
wcifs        Windows Container Isol File System
WdBoot       Microsoft Defender Ant Kernel
Wdf01000     Kernel Mode Driver Fra Kernel
WdFilter     Microsoft Defender Ant File System
wdiwifi      WDI Driver Framework   Kernel
WdmCompanion WdmCompanionFilter     Kernel
WdNisDrv     Microsoft Defender Ant Kernel
WFPLWFS      Microsoft Windows Filt Kernel
WifiCx       Wifi Network Adapter C Kernel
WIMMount     WIMMount               File System
WindowsTrust Windows Trusted Execut Kernel
WindowsTrust Microsoft Windows Trus Kernel
WinMad       WinMad Service         Kernel        19/06/2019 20:18:11
WinNat       Windows NAT Driver     Kernel
WINUSB       WinUsb Driver          Kernel
WinVerbs     WinVerbs Service       Kernel        19/06/2019 20:18:12
WmiAcpi      Microsoft Windows Mana Kernel
Wof          Windows Overlay File S File System
WpdUpFltr    WPD Upper Class Filter Kernel
ws2ifsl      Winsock IFS Driver     Kernel
WudfPf       User Mode Driver Frame Kernel
WUDFRd       Windows Driver Foundat Kernel
WUDFWpdFs    WPD File System driver Kernel
WUDFWpdMtp   WUDFWpdMtp             Kernel
xboxgip      Xbox Game Input Protoc Kernel
xinputhid    XINPUT HID Filter Driv Kernel
MpKsl2008af0 MpKsl2008af04          Kernel

C:\>date
The current date is: 19/08/2022
Enter the new date: (dd-mm-yy)

C:\>netstat

Active Connections

  Proto  Local Address          Foreign Address        State
  TCP    172.16.4.195:49460     20.198.119.84:https    ESTABLISHED
  TCP    172.16.4.195:51673     20.198.118.190:https   ESTABLISHED
  TCP    172.16.4.195:51765     lb-140-82-113-26-iad:https  ESTABLISHED
  TCP    172.16.4.195:51772     si-in-f188:5228        ESTABLISHED
  TCP    172.16.4.195:51829     1drv:https             ESTABLISHED

C:\>bitsadmin /getdisplayname <job>
Microsoft Windows [Version 10.0.22000.856]
(c) Microsoft Corporation. All rights reserved.

C:\Users\LENOVO>tree
Folder PATH listing for volume Windows-SSD
Volume serial number is 9EEB-202E
C:.
├───.idlerc
├───.ms-ad
├───.vscode
│   └───extensions
│       └───ms-python.python-2022.14.0
│           ├───dist
│           ├───images
│           ├───languages
│           ├───out
│           │   └───client
│           │       ├───node_modules
│           │       │   └───unicode
│           │       │       └───category
│           │       └───src
│           │           └───client
│           │               ├───application
│           │               │   └───diagnostics
│           │               │       └───checks
│           │               ├───common
│           │               │   ├───experiments
│           │               │   ├───installer
│           │               │   ├───net
│           │               │   └───utils
│           │               ├───debugger
│           │               │   └───extension
│           │               │       ├───adapter
│           │               │       ├───attachQuickPick
│           │               │       ├───configuration
│           │               │       │   └───providers
│           │               │       └───hooks
│           │               ├───formatters
│           │               ├───interpreter
│           │               │   ├───configuration
│           │               │   │   └───interpreterSelector
│           │               │   │       └───commands
│           │               │   └───display
│           │               ├───languageServer
│           │               ├───linters
│           │               │   └───errorHandlers
│           │               ├───providers
│           │               ├───tensorBoard
│           │               ├───terminals
│           │               │   └───codeExecution
│           │               └───testing
│           │                   └───common
│           ├───pythonFiles
│           │   ├───.vscode
│           │   ├───lib
│           │   │   ├───jedilsp
│           │   │   │   ├───bin
│           │   │   │   ├───docstring_to_markdown
│           │   │   │   │   └───__pycache__
│           │   │   │   ├───importlib_metadata
│           │   │   │   ├───jedi
│           │   │   │   │   ├───api
│           │   │   │   │   │   ├───refactoring
│           │   │   │   │   │   │   └───__pycache__
│           │   │   │   │   │   └───__pycache__
│           │   │   │   │   ├───inference
│           │   │   │   │   │   ├───compiled
│           │   │   │   │   │   │   ├───subprocess
│           │   │   │   │   │   │   │   └───__pycache__
│           │   │   │   │   │   │   └───__pycache__
│           │   │   │   │   │   ├───gradual
│           │   │   │   │   │   │   └───__pycache__
│           │   │   │   │   │   ├───value
│           │   │   │   │   │   │   └───__pycache__
│           │   │   │   │   │   └───__pycache__
│           │   │   │   │   ├───plugins
│           │   │   │   │   │   └───__pycache__
│           │   │   │   │   ├───third_party
│           │   │   │   │   │   ├───django-stubs
│           │   │   │   │   │   │   └───django-stubs
│           │   │   │   │   │   │       ├───apps
│           │   │   │   │   │   │       ├───conf
│           │   │   │   │   │   │       │   ├───locale
│           │   │   │   │   │   │       │   └───urls
│           │   │   │   │   │   │       ├───contrib
│           │   │   │   │   │   │       │   ├───admin
│           │   │   │   │   │   │       │   │   ├───templatetags
│           │   │   │   │   │   │       │   │   └───views
│           │   │   │   │   │   │       │   ├───admindocs
│           │   │   │   │   │   │       │   ├───auth
│           │   │   │   │   │   │       │   │   ├───handlers
│           │   │   │   │   │   │       │   │   └───management
│           │   │   │   │   │   │       │   │       └───commands
│           │   │   │   │   │   │       │   ├───contenttypes
│           │   │   │   │   │   │       │   │   └───management
│           │   │   │   │   │   │       │   │       └───commands
│           │   │   │   │   │   │       │   ├───flatpages
│           │   │   │   │   │   │       │   │   └───templatetags
│           │   │   │   │   │   │       │   ├───gis
│           │   │   │   │   │   │       │   │   └───db
│           │   │   │   │   │   │       │   │       └───models
│           │   │   │   │   │   │       │   ├───humanize
│           │   │   │   │   │   │       │   │   └───templatetags
│           │   │   │   │   │   │       │   ├───messages
│           │   │   │   │   │   │       │   │   └───storage
│           │   │   │   │   │   │       │   ├───postgres
│           │   │   │   │   │   │       │   │   ├───aggregates
│           │   │   │   │   │   │       │   │   └───fields
│           │   │   │   │   │   │       │   ├───redirects
│           │   │   │   │   │   │       │   ├───sessions
│           │   │   │   │   │   │       │   │   ├───backends
│           │   │   │   │   │   │       │   │   └───management
│           │   │   │   │   │   │       │   │       └───commands
│           │   │   │   │   │   │       │   ├───sitemaps
│           │   │   │   │   │   │       │   │   └───management
│           │   │   │   │   │   │       │   │       └───commands
│           │   │   │   │   │   │       │   ├───sites
│           │   │   │   │   │   │       │   ├───staticfiles
│           │   │   │   │   │   │       │   │   ├───management
│           │   │   │   │   │   │       │   │   │   └───commands
│           │   │   │   │   │   │       │   │   └───templatetags
│           │   │   │   │   │   │       │   └───syndication
│           │   │   │   │   │   │       ├───core
│           │   │   │   │   │   │       │   ├───cache
│           │   │   │   │   │   │       │   │   └───backends
│           │   │   │   │   │   │       │   ├───checks
│           │   │   │   │   │   │       │   │   └───security
│           │   │   │   │   │   │       │   ├───files
│           │   │   │   │   │   │       │   ├───handlers
│           │   │   │   │   │   │       │   ├───mail
│           │   │   │   │   │   │       │   │   └───backends
│           │   │   │   │   │   │       │   ├───management
│           │   │   │   │   │   │       │   │   └───commands
│           │   │   │   │   │   │       │   ├───serializers
│           │   │   │   │   │   │       │   └───servers
│           │   │   │   │   │   │       ├───db
│           │   │   │   │   │   │       │   ├───backends
│           │   │   │   │   │   │       │   │   ├───base
│           │   │   │   │   │   │       │   │   ├───dummy
│           │   │   │   │   │   │       │   │   ├───mysql
│           │   │   │   │   │   │       │   │   ├───postgresql
│           │   │   │   │   │   │       │   │   └───sqlite3
│           │   │   │   │   │   │       │   ├───migrations
│           │   │   │   │   │   │       │   │   └───operations
│           │   │   │   │   │   │       │   └───models
│           │   │   │   │   │   │       │       ├───fields
│           │   │   │   │   │   │       │       ├───functions
│           │   │   │   │   │   │       │       └───sql
│           │   │   │   │   │   │       ├───dispatch
│           │   │   │   │   │   │       ├───forms
│           │   │   │   │   │   │       ├───http
│           │   │   │   │   │   │       ├───middleware
│           │   │   │   │   │   │       ├───template
│           │   │   │   │   │   │       │   ├───backends
│           │   │   │   │   │   │       │   └───loaders
│           │   │   │   │   │   │       ├───templatetags
│           │   │   │   │   │   │       ├───test
│           │   │   │   │   │   │       ├───urls
│           │   │   │   │   │   │       ├───utils
│           │   │   │   │   │   │       │   └───translation
│           │   │   │   │   │   │       └───views
│           │   │   │   │   │   │           ├───decorators
│           │   │   │   │   │   │           └───generic
│           │   │   │   │   │   └───typeshed
│           │   │   │   │   │       ├───stdlib
│           │   │   │   │   │       │   ├───2
│           │   │   │   │   │       │   │   ├───distutils
│           │   │   │   │   │       │   │   │   └───command
│           │   │   │   │   │       │   │   ├───email
│           │   │   │   │   │       │   │   │   └───mime
│           │   │   │   │   │       │   │   ├───encodings
│           │   │   │   │   │       │   │   ├───multiprocessing
│           │   │   │   │   │       │   │   │   └───dummy
│           │   │   │   │   │       │   │   └───os
│           │   │   │   │   │       │   ├───2and3
│           │   │   │   │   │       │   │   ├───ctypes
│           │   │   │   │   │       │   │   ├───curses
│           │   │   │   │   │       │   │   ├───ensurepip
│           │   │   │   │   │       │   │   ├───lib2to3
│           │   │   │   │   │       │   │   │   └───pgen2
│           │   │   │   │   │       │   │   ├───logging
│           │   │   │   │   │       │   │   ├───msilib
│           │   │   │   │   │       │   │   ├───pydoc_data
│           │   │   │   │   │       │   │   ├───pyexpat
│           │   │   │   │   │       │   │   ├───sqlite3
│           │   │   │   │   │       │   │   ├───wsgiref
│           │   │   │   │   │       │   │   ├───xml
│           │   │   │   │   │       │   │   │   ├───dom
│           │   │   │   │   │       │   │   │   ├───etree
│           │   │   │   │   │       │   │   │   ├───parsers
│           │   │   │   │   │       │   │   │   │   └───expat
│           │   │   │   │   │       │   │   │   └───sax
│           │   │   │   │   │       │   │   └───_typeshed
│           │   │   │   │   │       │   ├───3
│           │   │   │   │   │       │   │   ├───asyncio
│           │   │   │   │   │       │   │   ├───collections
│           │   │   │   │   │       │   │   ├───concurrent
│           │   │   │   │   │       │   │   │   └───futures
│           │   │   │   │   │       │   │   ├───dbm
│           │   │   │   │   │       │   │   ├───distutils
│           │   │   │   │   │       │   │   │   └───command
│           │   │   │   │   │       │   │   ├───email
│           │   │   │   │   │       │   │   │   └───mime
│           │   │   │   │   │       │   │   ├───encodings
│           │   │   │   │   │       │   │   ├───html
│           │   │   │   │   │       │   │   ├───http
│           │   │   │   │   │       │   │   ├───importlib
│           │   │   │   │   │       │   │   ├───json
│           │   │   │   │   │       │   │   ├───multiprocessing
│           │   │   │   │   │       │   │   │   └───dummy
│           │   │   │   │   │       │   │   ├───os
│           │   │   │   │   │       │   │   ├───tkinter
│           │   │   │   │   │       │   │   ├───unittest
│           │   │   │   │   │       │   │   ├───urllib
│           │   │   │   │   │       │   │   ├───venv
│           │   │   │   │   │       │   │   └───xmlrpc
│           │   │   │   │   │       │   ├───3.7
│           │   │   │   │   │       │   └───3.9
│           │   │   │   │   │       │       └───zoneinfo
│           │   │   │   │   │       └───third_party
│           │   │   │   │   │           ├───2
│           │   │   │   │   │           │   ├───concurrent
│           │   │   │   │   │           │   │   └───futures
│           │   │   │   │   │           │   ├───fb303
│           │   │   │   │   │           │   ├───kazoo
│           │   │   │   │   │           │   │   └───recipe
│           │   │   │   │   │           │   ├───OpenSSL
│           │   │   │   │   │           │   ├───routes
│           │   │   │   │   │           │   ├───scribe
│           │   │   │   │   │           │   ├───six
│           │   │   │   │   │           │   │   └───moves
│           │   │   │   │   │           │   │       └───urllib
│           │   │   │   │   │           │   └───tornado
│           │   │   │   │   │           ├───2and3
│           │   │   │   │   │           │   ├───atomicwrites
│           │   │   │   │   │           │   ├───attr
│           │   │   │   │   │           │   ├───backports
│           │   │   │   │   │           │   ├───bleach
│           │   │   │   │   │           │   ├───boto
│           │   │   │   │   │           │   │   ├───ec2
│           │   │   │   │   │           │   │   ├───elb
│           │   │   │   │   │           │   │   ├───kms
│           │   │   │   │   │           │   │   └───s3
│           │   │   │   │   │           │   ├───cachetools
│           │   │   │   │   │           │   ├───characteristic
│           │   │   │   │   │           │   ├───chardet
│           │   │   │   │   │           │   ├───click
│           │   │   │   │   │           │   ├───cryptography
│           │   │   │   │   │           │   │   ├───hazmat
│           │   │   │   │   │           │   │   │   ├───backends
│           │   │   │   │   │           │   │   │   ├───bindings
│           │   │   │   │   │           │   │   │   │   └───openssl
│           │   │   │   │   │           │   │   │   └───primitives
│           │   │   │   │   │           │   │   │       ├───asymmetric
│           │   │   │   │   │           │   │   │       ├───ciphers
│           │   │   │   │   │           │   │   │       ├───kdf
│           │   │   │   │   │           │   │   │       ├───serialization
│           │   │   │   │   │           │   │   │       └───twofactor
│           │   │   │   │   │           │   │   └───x509
│           │   │   │   │   │           │   ├───datetimerange
│           │   │   │   │   │           │   ├───dateutil
│           │   │   │   │   │           │   │   └───tz
│           │   │   │   │   │           │   ├───deprecated
│           │   │   │   │   │           │   ├───emoji
│           │   │   │   │   │           │   ├───flask
│           │   │   │   │   │           │   │   └───json
│           │   │   │   │   │           │   ├───geoip2
│           │   │   │   │   │           │   ├───google
│           │   │   │   │   │           │   │   └───protobuf
│           │   │   │   │   │           │   │       ├───compiler
│           │   │   │   │   │           │   │       ├───internal
│           │   │   │   │   │           │   │       └───util
│           │   │   │   │   │           │   ├───jinja2
│           │   │   │   │   │           │   ├───markdown
│           │   │   │   │   │           │   │   └───extensions
│           │   │   │   │   │           │   ├───markupsafe
│           │   │   │   │   │           │   ├───maxminddb
│           │   │   │   │   │           │   ├───nmap
│           │   │   │   │   │           │   ├───paramiko
│           │   │   │   │   │           │   ├───pymysql
│           │   │   │   │   │           │   │   └───constants
│           │   │   │   │   │           │   ├───pynamodb
│           │   │   │   │   │           │   │   └───connection
│           │   │   │   │   │           │   ├───pytz
│           │   │   │   │   │           │   ├───pyVmomi
│           │   │   │   │   │           │   │   ├───vim
│           │   │   │   │   │           │   │   └───vmodl
│           │   │   │   │   │           │   ├───redis
│           │   │   │   │   │           │   ├───requests
│           │   │   │   │   │           │   │   └───packages
│           │   │   │   │   │           │   │       └───urllib3
│           │   │   │   │   │           │   │           ├───contrib
│           │   │   │   │   │           │   │           ├───packages
│           │   │   │   │   │           │   │           │   └───ssl_match_hostname
│           │   │   │   │   │           │   │           └───util
│           │   │   │   │   │           │   ├───retry
│           │   │   │   │   │           │   ├───simplejson
│           │   │   │   │   │           │   ├───slugify
│           │   │   │   │   │           │   ├───tzlocal
│           │   │   │   │   │           │   ├───werkzeug
│           │   │   │   │   │           │   │   ├───contrib
│           │   │   │   │   │           │   │   ├───debug
│           │   │   │   │   │           │   │   └───middleware
│           │   │   │   │   │           │   └───yaml
│           │   │   │   │   │           └───3
│           │   │   │   │   │               ├───aiofiles
│           │   │   │   │   │               │   └───threadpool
│           │   │   │   │   │               ├───docutils
│           │   │   │   │   │               │   └───parsers
│           │   │   │   │   │               │       └───rst
│           │   │   │   │   │               ├───filelock
│           │   │   │   │   │               ├───freezegun
│           │   │   │   │   │               ├───jwt
│           │   │   │   │   │               │   └───contrib
│           │   │   │   │   │               │       └───algorithms
│           │   │   │   │   │               ├───pkg_resources
│           │   │   │   │   │               ├───pyrfc3339
│           │   │   │   │   │               ├───six
│           │   │   │   │   │               │   └───moves
│           │   │   │   │   │               │       └───urllib
│           │   │   │   │   │               ├───typed_ast
│           │   │   │   │   │               └───waitress
│           │   │   │   │   └───__pycache__
│           │   │   │   ├───jedi_language_server
│           │   │   │   │   └───__pycache__
│           │   │   │   ├───parso
│           │   │   │   │   ├───pgen2
│           │   │   │   │   │   └───__pycache__
│           │   │   │   │   ├───python
│           │   │   │   │   │   └───__pycache__
│           │   │   │   │   └───__pycache__
│           │   │   │   ├───pydantic
│           │   │   │   │   └───__pycache__
│           │   │   │   ├───pygls
│           │   │   │   │   ├───lsp
│           │   │   │   │   │   ├───types
│           │   │   │   │   │   │   ├───language_features
│           │   │   │   │   │   │   │   └───__pycache__
│           │   │   │   │   │   │   └───__pycache__
│           │   │   │   │   │   └───__pycache__
│           │   │   │   │   └───__pycache__
│           │   │   │   ├───typeguard
│           │   │   │   │   └───__pycache__
│           │   │   │   └───__pycache__
│           │   │   └───python
│           │   │       ├───debugpy
│           │   │       │   ├───adapter
│           │   │       │   │   └───__pycache__
│           │   │       │   ├───common
│           │   │       │   │   └───__pycache__
│           │   │       │   ├───launcher
│           │   │       │   │   └───__pycache__
│           │   │       │   ├───server
│           │   │       │   │   └───__pycache__
│           │   │       │   ├───_vendored
│           │   │       │   │   ├───pydevd
│           │   │       │   │   │   ├───pydevd_attach_to_process
│           │   │       │   │   │   │   ├───common
│           │   │       │   │   │   │   ├───linux_and_mac
│           │   │       │   │   │   │   ├───winappdbg
│           │   │       │   │   │   │   │   └───win32
│           │   │       │   │   │   │   └───windows
│           │   │       │   │   │   ├───pydevd_plugins
│           │   │       │   │   │   │   ├───extensions
│           │   │       │   │   │   │   │   ├───types
│           │   │       │   │   │   │   │   │   └───__pycache__
│           │   │       │   │   │   │   │   └───__pycache__
│           │   │       │   │   │   │   └───__pycache__
│           │   │       │   │   │   ├───pydev_ipython
│           │   │       │   │   │   │   └───__pycache__
│           │   │       │   │   │   ├───pydev_sitecustomize
│           │   │       │   │   │   ├───_pydevd_bundle
│           │   │       │   │   │   │   ├───pydevd_concurrency_analyser
│           │   │       │   │   │   │   │   └───__pycache__
│           │   │       │   │   │   │   ├───_debug_adapter
│           │   │       │   │   │   │   │   └───__pycache__
│           │   │       │   │   │   │   └───__pycache__
│           │   │       │   │   │   ├───_pydevd_frame_eval
│           │   │       │   │   │   │   ├───vendored
│           │   │       │   │   │   │   │   ├───bytecode
│           │   │       │   │   │   │   │   │   ├───tests
│           │   │       │   │   │   │   │   │   └───__pycache__
│           │   │       │   │   │   │   │   └───__pycache__
│           │   │       │   │   │   │   └───__pycache__
│           │   │       │   │   │   ├───_pydev_bundle
│           │   │       │   │   │   │   ├───fsnotify
│           │   │       │   │   │   │   │   └───__pycache__
│           │   │       │   │   │   │   └───__pycache__
│           │   │       │   │   │   ├───_pydev_runfiles
│           │   │       │   │   │   │   └───__pycache__
│           │   │       │   │   │   └───__pycache__
│           │   │       │   │   └───__pycache__
│           │   │       │   └───__pycache__
│           │   │       └───isort
│           │   │           ├───deprecated
│           │   │           ├───stdlibs
│           │   │           ├───_future
│           │   │           └───_vendored
│           │   │               └───tomli
│           │   ├───testing_tools
│           │   │   └───adapter
│           │   │       └───pytest
│           │   ├───unittestadapter
│           │   └───vscode_datascience_helpers
│           │       └───tests
│           ├───resources
│           │   ├───dark
│           │   ├───light
│           │   └───walkthrough
│           ├───schemas
│           └───syntaxes
├───3D Objects
├───Contacts
├───Documents
├───Downloads
├───Favorites
│   ├───Lenovo
│   └───Links
├───Links
├───Music
├───nazilcerdas
│   ├───Lib
│   │   └───site-packages
│   │       ├───pip
│   │       │   ├───_internal
│   │       │   │   ├───cli
│   │       │   │   ├───commands
│   │       │   │   ├───distributions
│   │       │   │   ├───index
│   │       │   │   ├───locations
│   │       │   │   ├───metadata
│   │       │   │   │   └───importlib
│   │       │   │   ├───models
│   │       │   │   ├───network
│   │       │   │   ├───operations
│   │       │   │   │   ├───build
│   │       │   │   │   └───install
│   │       │   │   ├───req
│   │       │   │   ├───resolution
│   │       │   │   │   ├───legacy
│   │       │   │   │   └───resolvelib
│   │       │   │   ├───utils
│   │       │   │   └───vcs
│   │       │   └───_vendor
│   │       │       ├───cachecontrol
│   │       │       │   └───caches
│   │       │       ├───certifi
│   │       │       ├───chardet
│   │       │       │   ├───cli
│   │       │       │   └───metadata
│   │       │       ├───colorama
│   │       │       ├───distlib
│   │       │       ├───distro
│   │       │       ├───idna
│   │       │       ├───msgpack
│   │       │       ├───packaging
│   │       │       ├───pep517
│   │       │       │   └───in_process
│   │       │       ├───pkg_resources
│   │       │       ├───platformdirs
│   │       │       ├───pygments
│   │       │       │   ├───filters
│   │       │       │   ├───formatters
│   │       │       │   ├───lexers
│   │       │       │   └───styles
│   │       │       ├───pyparsing
│   │       │       │   └───diagram
│   │       │       ├───requests
│   │       │       ├───resolvelib
│   │       │       │   └───compat
│   │       │       ├───rich
│   │       │       ├───tenacity
│   │       │       ├───tomli
│   │       │       ├───urllib3
│   │       │       │   ├───contrib
│   │       │       │   │   └───_securetransport
│   │       │       │   ├───packages
│   │       │       │   │   └───backports
│   │       │       │   └───util
│   │       │       └───webencodings
│   │       ├───pip-22.2.2.dist-info
│   │       ├───pkg_resources
│   │       │   ├───extern
│   │       │   └───_vendor
│   │       │       ├───importlib_resources
│   │       │       ├───jaraco
│   │       │       │   └───text
│   │       │       ├───more_itertools
│   │       │       ├───packaging
│   │       │       └───pyparsing
│   │       │           └───diagram
│   │       ├───setuptools
│   │       │   ├───command
│   │       │   ├───config
│   │       │   │   └───_validate_pyproject
│   │       │   ├───extern
│   │       │   ├───_distutils
│   │       │   │   └───command
│   │       │   └───_vendor
│   │       │       ├───importlib_metadata
│   │       │       ├───importlib_resources
│   │       │       ├───jaraco
│   │       │       │   └───text
│   │       │       ├───more_itertools
│   │       │       ├───packaging
│   │       │       ├───pyparsing
│   │       │       │   └───diagram
│   │       │       └───tomli
│   │       ├───setuptools-65.3.0.dist-info
│   │       ├───wheel
│   │       │   ├───cli
│   │       │   └───vendored
│   │       │       └───packaging
│   │       ├───wheel-0.37.1.dist-info
│   │       └───_distutils_hack
│   └───Scripts
├───OneDrive
│   ├───Desktop
│   │   └───Exambrowser_Windows_22.0806_64bit
│   │       └───Application
│   │           └───service
│   │               └───elekbrowser
│   │                   ├───locales
│   │                   ├───resources
│   │                   └───swiftshader
│   ├───Documents
│   │   ├───arsipan
│   │   ├───Custom Office Templates
│   │   ├───Fax
│   │   │   ├───Drafts
│   │   │   └───Inbox
│   │   ├───hasanatun
│   │   ├───petihan parogrammer
│   │   ├───Scanned Documents
│   │   │   └───Documents
│   │   ├───WebCam Media
│   │   │   ├───Capture
│   │   │   │   └───New folder
│   │   │   ├───Fun Frame
│   │   │   ├───Masque
│   │   │   └───Monitor
│   │   └───Zoom
│   └───Pictures
│       ├───Saved Pictures
│       └───Screenshots
├───Pictures
│   ├───Camera Roll
│   └───Screenshots
├───Saved Games
├───Searches
└───Videos
    └───Captures

C:\Users\LENOVO>driverquery

Module Name  Display Name           Driver Type   Link Date
============ ====================== ============= ======================
1394ohci     1394 OHCI Compliant Ho Kernel
3ware        3ware                  Kernel        19/05/2015 05:28:03
ACPI         Microsoft ACPI Driver  Kernel
AcpiDev      ACPI Devices driver    Kernel
acpiex       Microsoft ACPIEx Drive Kernel
acpipagr     ACPI Processor Aggrega Kernel
AcpiPmi      ACPI Power Meter Drive Kernel
acpitime     ACPI Wake Alarm Driver Kernel
ACPIVPC      Lenovo Virtual Power C Kernel        22/07/2021 20:57:14
Acx01000     Acx01000               Kernel
ADP80XX      ADP80XX                Kernel        10/04/2015 03:49:48
AFD          Ancillary Function Dri Kernel
afunix       afunix                 Kernel
ahcache      Application Compatibil Kernel
amdgpio2     AMD GPIO Client Driver Kernel        07/02/2019 16:32:20
amdi2c       AMD I2C Controller Ser Kernel        20/03/2019 11:57:33
AmdK8        AMD K8 Processor Drive Kernel
AmdPPM       AMD Processor Driver   Kernel
amdsata      amdsata                Kernel        14/05/2015 19:14:52
amdsbs       amdsbs                 Kernel        12/12/2012 04:21:44
amdxata      amdxata                Kernel        01/05/2015 07:55:35
AppID        AppID Driver           Kernel
AppleSSD     Apple Solid State Driv Kernel        12/11/2019 04:24:17
applockerflt Smartlocker Filter Dri Kernel
arcsas       Adaptec SAS/SATA-II RA Kernel        10/04/2015 02:12:07
AsyncMac     RAS Asynchronous Media Kernel
atapi        IDE Channel            Kernel
b06bdrv      QLogic Network Adapter Kernel        25/05/2016 14:03:08
bam          Background Activity Mo Kernel
BasicDisplay BasicDisplay           Kernel
BasicRender  BasicRender            Kernel
bcmfn2       bcmfn2 Service         Kernel        01/11/2016 09:09:15
Beep         Beep                   Kernel
bindflt      Windows Bind Filter Dr File System
bowser       Browser                File System
BthA2dp      Microsoft Bluetooth A2 Kernel
BthEnum      Bluetooth Enumerator S Kernel
BthHFAud     Microsoft Bluetooth Ha Kernel
BthHFEnum    Microsoft Bluetooth Ha Kernel
BthLEEnum    Bluetooth Low Energy D Kernel
BthMini      Bluetooth Radio Driver Kernel
BTHMODEM     Bluetooth Modem Commun Kernel
BthPan       Bluetooth Device (Pers Kernel
BTHPORT      Bluetooth Port Driver  Kernel
BTHUSB       Bluetooth Radio USB Dr Kernel
bttflt       Microsoft Hyper-V VHDP Kernel
buttonconver Service for Portable D Kernel
CAD          Charge Arbitration Dri Kernel
cdfs         CD/DVD File System Rea File System
cdrom        CD-ROM Driver          Kernel
cht4iscsi    cht4iscsi              Kernel        05/02/2019 20:51:31
cht4vbd      Chelsio Virtual Bus Dr Kernel        05/02/2019 20:47:51
CimFS        CimFS                  File System
circlass     Consumer IR Devices    Kernel
CldFlt       Windows Cloud Files Fi File System
CLFS         Common Log (CLFS)      Kernel
CmBatt       Microsoft ACPI Control Kernel
CNG          CNG                    Kernel
cnghwassist  CNG Hardware Assist al Kernel
CompositeBus Composite Bus Enumerat Kernel
condrv       Console Driver         Kernel
dam          Desktop Activity Moder Kernel
Dfsc         DFS Namespace Client D File System
disk         Disk Driver            Kernel
dmvsc        dmvsc                  Kernel
dptf_acpi    dptf_acpi              Kernel        24/07/2021 06:15:14
dptf_cpu     dptf_cpu               Kernel        24/07/2021 06:15:18
drmkaud      Microsoft Trusted Audi Kernel
DXGKrnl      LDDM Graphics Subsyste Kernel
ebdrv        QLogic 10 Gigabit Ethe Kernel        15/11/2020 17:12:10
ebdrv0       QLogic Legacy Ethernet Kernel        07/11/2020 17:07:41
EhStorClass  Enhanced Storage Filte Kernel
EhStorTcgDrv Microsoft driver for s Kernel
ErrDev       Microsoft Hardware Err Kernel
esif_lf      esif_lf                Kernel        24/07/2021 06:15:42
ExecutionCon CPU Scheduler for High Kernel
exfat        exFAT File System Driv File System
fastfat      FAT12/16/32 File Syste File System
fdc          Floppy Disk Controller Kernel
FileCrypt    FileCrypt              File System
FileInfo     File Information FS Mi File System
Filetrace    Filetrace              File System
flpydisk     Floppy Disk Driver     Kernel
FltMgr       FltMgr                 File System
FsDepends    File System Dependency File System
fvevol       BitLocker Drive Encryp Kernel
gencounter   Microsoft Hyper-V Gene Kernel
genericusbfn Generic USB Function C Kernel
GPIOClx0101  Microsoft GPIO Class E Kernel
GpuEnergyDrv GPU Energy Driver      Kernel
HdAudAddServ Microsoft 1.1 UAA Func Kernel
HDAudBus     Microsoft UAA Bus Driv Kernel
HidBatt      HID UPS Battery Driver Kernel
HidBth       Microsoft Bluetooth HI Kernel
hidi2c       Microsoft I2C HID Mini Kernel
hidinterrupt Common Driver for HID  Kernel
HidIr        Microsoft Infrared HID Kernel
hidspi       Microsoft SPI HID Mini Kernel
HidSpiCx     HidSpi KMDF Class Exte Kernel
HidUsb       Microsoft HID Class Dr Kernel
HpSAMD       HpSAMD                 Kernel        27/03/2013 04:36:54
Hsp          Microsoft Pluton Servi Kernel
HTTP         HTTP Service           Kernel
hvcrash      hvcrash                Kernel
hvservice    Microsoft Hypervisor S Kernel
HwNClx0101   Microsoft Hardware Not Kernel
hwpolicy     Hardware Policy Driver Kernel
hyperkbd     hyperkbd               Kernel
HyperVideo   HyperVideo             Kernel
i8042prt     i8042 Keyboard and PS/ Kernel
iagpio       Intel Serial IO GPIO C Kernel        23/07/2018 16:04:46
iai2c        Intel(R) Serial IO I2C Kernel        23/07/2018 16:04:39
iaLPSS2i_GPI Intel(R) Serial IO GPI Kernel        19/04/2018 14:53:24
iaLPSS2i_GPI Intel(R) Serial IO GPI Kernel        17/04/2018 16:25:15
iaLPSS2i_GPI Intel(R) Serial IO GPI Kernel        17/04/2018 14:07:03
iaLPSS2i_GPI Intel(R) Serial IO GPI Kernel        16/05/2018 12:46:36
iaLPSS2i_I2C Intel(R) Serial IO I2C Kernel        19/04/2018 14:52:58
iaLPSS2i_I2C Intel(R) Serial IO I2C Kernel        17/04/2018 16:24:40
iaLPSS2i_I2C Intel(R) Serial IO I2C Kernel        15/07/2019 12:12:12
iaLPSS2i_I2C Intel(R) Serial IO I2C Kernel        16/05/2018 12:46:02
iaLPSS2_GPIO Intel(R) Serial IO GPI Kernel        13/07/2021 15:02:32
iaLPSS2_I2C_ Intel(R) Serial IO I2C Kernel        13/07/2021 15:02:01
iaLPSS2_SPI_ Intel(R) Serial IO SPI Kernel        13/07/2021 15:02:47
iaLPSS2_UART Intel(R) Serial IO UAR Kernel        13/07/2021 15:02:22
iaLPSSi_GPIO Intel(R) Serial IO GPI Kernel        02/02/2015 16:00:09
iaLPSSi_I2C  Intel(R) Serial IO I2C Kernel        24/02/2015 22:52:07
iaStorAfs    iaStorAfs              File System   13/12/2021 18:35:42
iaStorAVC    Intel Chipset SATA RAI Kernel        05/09/2019 19:07:32
iaStorV      Intel RAID Controller  Kernel        12/04/2011 01:48:16
iaStorVD     Intel(R) Chipset VMD R Kernel        13/12/2021 18:36:09
ibbus        Mellanox InfiniBand Bu Kernel        19/06/2019 20:20:09
igfxn        igfxn                  Kernel        04/04/2022 10:28:40
IndirectKmd  Indirect Displays Kern Kernel
IntcAudioBus Intel(R) Smart Sound T Kernel        25/08/2021 17:31:49
IntcAzAudAdd Service for Realtek HD Kernel        19/04/2022 17:38:19
IntcDMic     Intel® Smart Sound Tec Kernel        25/08/2021 17:31:58
IntcOED      Intel(R) Smart Sound T Kernel        25/08/2021 17:33:35
intelide     intelide               Kernel
intelpep     Intel(R) Power Engine  Kernel
intelpmax    Intel(R) Dynamic Devic Kernel
IntelPMT     Intel(R) Platform Moni Kernel
intelppm     Intel Processor Driver Kernel
iorate       Disk I/O Rate Filter D Kernel
IpFilterDriv IP Traffic Filter Driv Kernel
IPMIDRV      IPMIDRV                Kernel
IPNAT        IP Network Address Tra Kernel
IPT          IPT                    Kernel
isapnp       isapnp                 Kernel
iScsiPrt     iScsiPort Driver       Kernel
ItSas35i     ItSas35i               Kernel        18/09/2020 17:23:25
kbdclass     Keyboard Class Driver  Kernel
kbdhid       Keyboard HID Driver    Kernel
kdnic        Microsoft Kernel Debug Kernel
KSecDD       KSecDD                 Kernel
KSecPkg      KSecPkg                Kernel
ksthunk      Kernel Streaming Thunk Kernel
lltdio       Link-Layer Topology Di Kernel
LSI_SAS      LSI_SAS                Kernel        26/03/2015 02:36:48
LSI_SAS2i    LSI_SAS2i              Kernel        02/08/2017 20:29:59
LSI_SAS3i    LSI_SAS3i              Kernel        21/08/2020 14:33:28
luafv        UAC File Virtualizatio File System
mausbhost    MA-USB Host Controller Kernel
mausbip      MA-USB IP Filter Drive Kernel
MbbCx        MBB Network Adapter Cl Kernel
megasas2i    megasas2i              Kernel        22/01/2020 16:57:48
megasas35i   megasas35i             Kernel        12/01/2021 14:59:10
megasr       megasr                 Kernel        04/06/2013 05:02:39
MEIx64       Intel(R) Management En Kernel        11/05/2021 14:43:05
Microsoft_Bl Microsoft Bluetooth Av Kernel
mlx4_bus     Mellanox ConnectX Bus  Kernel        19/06/2019 20:21:08
MMCSS        Multimedia Class Sched Kernel
Modem        Modem                  Kernel
monitor      Microsoft Monitor Clas Kernel
mouclass     Mouse Class Driver     Kernel
mouhid       Mouse HID Driver       Kernel
mountmgr     Mount Point Manager    Kernel
mpi3drvi     mpi3drvi               Kernel        03/03/2021 04:23:11
mpsdrv       Windows Defender Firew Kernel
MRxDAV       WebDav Client Redirect File System
mrxsmb       SMB MiniRedirector Wra File System
mrxsmb10     SMB 1.x MiniRedirector File System
mrxsmb20     SMB 2.0 MiniRedirector File System
MsBridge     Microsoft MAC Bridge   Kernel
Msfs         Msfs                   File System
msgpiowin32  Common Driver for Butt Kernel
mshidkmdf    Pass-through HID to KM Kernel
mshidumdf    Pass-through HID to UM Kernel
msisadrv     msisadrv               Kernel
MSKSSRV      Microsoft Streaming Se Kernel
MSPCLOCK     Microsoft Streaming Cl Kernel
MSPQM        Microsoft Streaming Qu Kernel
MsQuic       MsQuic                 Kernel        02/02/2022 06:56:20
MsRPC        MsRPC                  Kernel
mssmbios     Microsoft System Manag Kernel
MSTEE        Microsoft Streaming Te Kernel
MTConfig     Microsoft Input Config Kernel
Mup          Mup                    File System
mvumis       mvumis                 Kernel        24/05/2014 03:39:04
NativeWifiP  NativeWiFi Filter      Kernel
ndfltr       NetworkDirect Service  Kernel        19/06/2019 20:18:42
NDIS         NDIS System Driver     Kernel
NdisCap      Microsoft NDIS Capture Kernel
NdisImPlatfo Microsoft Network Adap Kernel
NdisTapi     Remote Access NDIS TAP Kernel
Ndisuio      NDIS Usermode I/O Prot Kernel
NdisVirtualB Microsoft Virtual Netw Kernel
NdisWan      Remote Access NDIS WAN Kernel
ndiswanlegac Remote Access LEGACY N Kernel
NDKPerf      NDKPerf Driver         Kernel
NDKPing      NDKPing Driver         Kernel
ndproxy      NDIS Proxy Driver      Kernel
Ndu          Windows Network Data U Kernel
NetAdapterCx Network Adapter Wdf Cl Kernel
NetBIOS      NetBIOS Interface      File System
NetBT        NetBT                  Kernel
netvsc       netvsc                 Kernel
Npfs         Npfs                   File System
npsvctrig    Named pipe service tri Kernel
nsiproxy     NSI Proxy Service Driv Kernel
Ntfs         Ntfs                   File System
Null         Null                   Kernel
nvdimm       Microsoft NVDIMM devic Kernel
nvlddmkm     nvlddmkm               Kernel        05/04/2022 02:47:59
nvmedisk     Microsoft NVMe disk dr Kernel
NvModuleTrac NvModuleTracker        Kernel        30/11/2019 05:09:01
nvraid       nvraid                 Kernel        22/04/2014 01:28:42
nvstor       nvstor                 Kernel        22/04/2014 01:34:03
nvvad_WaveEx NVIDIA Virtual Audio D Kernel        14/03/2019 15:58:48
nvvhci       NVVHCI Enumerator Serv Kernel        11/01/2020 01:31:07
P9Rdr        Plan 9 Redirector Driv Kernel
Parport      Parallel port driver   Kernel
partmgr      Partition driver       Kernel
pci          PCI Bus Driver         Kernel
pciide       pciide                 Kernel
pcmcia       pcmcia                 Kernel
pcw          Performance Counters f Kernel
pdc          pdc                    Kernel
PEAUTH       PEAUTH                 Kernel
percsas2i    percsas2i              Kernel        15/03/2016 07:50:11
percsas3i    percsas3i              Kernel        02/06/2018 04:47:02
PktMon       Packet Monitor Driver  Kernel
pmem         Microsoft persistent m Kernel
PNPMEM       Microsoft Memory Modul Kernel
portcfg      portcfg                Kernel
PptpMiniport WAN Miniport (PPTP)    Kernel
PRM          Microsoft PRM Driver   Kernel
Processor    Processor Driver       Kernel
Psched       QoS Packet Scheduler   Kernel
QWAVEdrv     QWAVE driver           Kernel
Ramdisk      Windows RAM Disk Drive Kernel
RasAcd       Remote Access Auto Con Kernel
RasAgileVpn  WAN Miniport (IKEv2)   Kernel
Rasl2tp      WAN Miniport (L2TP)    Kernel
RasPppoe     Remote Access PPPOE Dr Kernel
RasSstp      WAN Miniport (SSTP)    Kernel
rdbss        Redirected Buffering S File System
rdpbus       Remote Desktop Device  Kernel
RDPDR        Remote Desktop Device  Kernel
RdpVideoMini Remote Desktop Video M Kernel
rdyboost     ReadyBoost             Kernel
ReFS         ReFS                   File System
ReFSv1       ReFSv1                 File System
RFCOMM       Bluetooth Device (RFCO Kernel
rhproxy      Resource Hub proxy dri Kernel
rspndr       Link-Layer Topology Di Kernel
RtkBtFilter  Realtek Bluetooth Filt Kernel        13/01/2022 13:23:42
RTSUER       Realtek USB Card Reade Kernel        20/08/2021 14:28:14
RTWlanE      Realtek Wireless LAN 8 Kernel        27/01/2022 15:26:56
s3cap        s3cap                  Kernel
sbp2port     SBP-2 Transport/Protoc Kernel
scfilter     Smart card PnP Class F Kernel
scmbus       Microsoft Storage Clas Kernel
sdbus        sdbus                  Kernel
SDFRd        SDF Reflector          Kernel
sdstor       SD Storage Port Driver Kernel
SerCx        Serial UART Support Li Kernel
SerCx2       Serial UART Support Li Kernel
Serenum      Serenum Filter Driver  Kernel
Serial       Serial port driver     Kernel
sermouse     Serial Mouse Driver    Kernel
sfloppy      High-Capacity Floppy D Kernel
SgrmAgent    System Guard Runtime M Kernel
SiSRaid2     SiSRaid2               Kernel        25/09/2008 01:28:20
SiSRaid4     SiSRaid4               Kernel        02/10/2008 04:56:04
SmartSAMD    SmartSAMD              Kernel        22/02/2019 00:54:44
spaceparser  spaceparser            Kernel
spaceport    Storage Spaces Driver  Kernel
SpatialGraph Holographic Spatial Gr Kernel
SpbCx        Simple Peripheral Bus  Kernel
srv2         Server SMB 2.xxx Drive File System
srvnet       srvnet                 File System
stexstor     stexstor               Kernel        27/11/2012 07:02:51
storahci     Microsoft Standard SAT Kernel
storflt      Microsoft Hyper-V Stor Kernel
stornvme     Microsoft Standard NVM Kernel
storqosflt   Storage QoS Filter Dri File System
storufs      Microsoft Universal Fl Kernel
storvsc      storvsc                Kernel
swenum       Software Bus Driver    Kernel
Tcpip        TCP/IP Protocol Driver Kernel
Tcpip6       @todo.dll,-100;Microso Kernel
tcpipreg     @%SystemRoot%\System32 Kernel
tdx          NetIO Legacy TDI Suppo Kernel
terminpt     Microsoft Remote Deskt Kernel
TPM          TPM                    Kernel
TsUsbFlt     Remote Desktop USB Hub Kernel
TsUsbGD      Remote Desktop Generic Kernel
tunnel       Microsoft Tunnel Minip Kernel
UASPStor     USB Attached SCSI (UAS Kernel
UcmCx0101    USB Connector Manager  Kernel
UcmTcpciCx01 UCM-TCPCI KMDF Class E Kernel
UcmUcsiAcpiC UCM-UCSI ACPI Client   Kernel
UcmUcsiCx010 UCM-UCSI KMDF Class Ex Kernel
Ucx01000     USB Host Support Libra Kernel
UdeCx        USB Device Emulation S Kernel
udfs         udfs                   File System
UEFI         Microsoft UEFI Driver  Kernel
Ufx01000     USB Function Class Ext Kernel
UfxChipidea  USB Chipidea Controlle Kernel
ufxsynopsys  USB Synopsys Controlle Kernel
umbus        UMBus Enumerator Drive Kernel
UmPass       Microsoft UMPass Drive Kernel
UrsChipidea  Chipidea USB Role-Swit Kernel
UrsCx01000   USB Role-Switch Suppor Kernel
UrsSynopsys  Synopsys USB Role-Swit Kernel
Usb4DeviceRo USB4 Device Router Ser Kernel
Usb4HostRout USB4 Host Router Servi Kernel
usbaudio     USB Audio Driver (WDM) Kernel
usbaudio2    USB Audio 2.0 Service  Kernel
usbccgp      Microsoft USB Generic  Kernel
usbcir       eHome Infrared Receive Kernel
usbehci      Microsoft USB 2.0 Enha Kernel
usbhub       Microsoft USB Standard Kernel
USBHUB3      SuperSpeed Hub         Kernel
usbohci      Microsoft USB Open Hos Kernel
usbprint     Microsoft USB PRINTER  Kernel
usbser       Microsoft USB Serial D Kernel
USBSTOR      USB Mass Storage Drive Kernel
usbuhci      Microsoft USB Universa Kernel
usbvideo     USB Video Device (WDM) Kernel
USBXHCI      USB xHCI Compliant Hos Kernel
vdrvroot     Microsoft Virtual Driv Kernel
VerifierExt  Driver Verifier Extens Kernel
vhdmp        vhdmp                  Kernel
vhf          Virtual HID Framework  Kernel
Vid          Vid                    Kernel
VirtualRende VirtualRender          Kernel
vmbus        Virtual Machine Bus    Kernel
VMBusHID     VMBusHID               Kernel
vmgid        Microsoft Hyper-V Gues Kernel
volmgr       Volume Manager Driver  Kernel
volmgrx      Dynamic Volume Manager Kernel
volsnap      Volume Shadow Copy dri Kernel
volume       Volume driver          Kernel
vpci         Microsoft Hyper-V Virt Kernel
vsmraid      vsmraid                Kernel        23/04/2014 02:21:41
VSTXRAID     VIA StorX Storage RAID Kernel        22/01/2013 02:00:28
vwifibus     Virtual Wireless Bus D Kernel
vwififlt     Virtual WiFi Filter Dr Kernel
vwifimp      Virtual WiFi Miniport  Kernel
WacomPen     Wacom Serial Pen HID D Kernel
wanarp       Remote Access IP ARP D Kernel
wanarpv6     Remote Access IPv6 ARP Kernel
wcifs        Windows Container Isol File System
WdBoot       Microsoft Defender Ant Kernel
Wdf01000     Kernel Mode Driver Fra Kernel
WdFilter     Microsoft Defender Ant File System
wdiwifi      WDI Driver Framework   Kernel
WdmCompanion WdmCompanionFilter     Kernel
WdNisDrv     Microsoft Defender Ant Kernel
WFPLWFS      Microsoft Windows Filt Kernel
WifiCx       Wifi Network Adapter C Kernel
WIMMount     WIMMount               File System
WindowsTrust Windows Trusted Execut Kernel
WindowsTrust Microsoft Windows Trus Kernel
WinMad       WinMad Service         Kernel        19/06/2019 20:18:11
WinNat       Windows NAT Driver     Kernel
WINUSB       WinUsb Driver          Kernel
WinVerbs     WinVerbs Service       Kernel        19/06/2019 20:18:12
WmiAcpi      Microsoft Windows Mana Kernel
Wof          Windows Overlay File S File System
WpdUpFltr    WPD Upper Class Filter Kernel
ws2ifsl      Winsock IFS Driver     Kernel
WudfPf       User Mode Driver Frame Kernel
WUDFRd       Windows Driver Foundat Kernel
WUDFWpdFs    WPD File System driver Kernel
WUDFWpdMtp   WUDFWpdMtp             Kernel
xboxgip      Xbox Game Input Protoc Kernel
xinputhid    XINPUT HID Filter Driv Kernel
MpKsl2b48fa9 MpKsl2b48fa9c          Kernel

C:\Users\LENOVO>ver

Microsoft Windows [Version 10.0.22000.856]

C:\Users\LENOVO>color

C:\Users\LENOVO>color 91

C:\Users\LENOVO>color 3

C:\Users\LENOVO>